// Jest Snapshot v1, https://goo.gl/fbAQLP

exports[`should render ExpenseList with expenses 1`] = `
<div>
  <h1>
    Expense List
  </h1>
  <ExpenseListItem
    amount={195}
    createdAt={-345600000}
    description="Gem"
    id="1"
    key="1"
    note=""
  />
  <ExpenseListItem
    amount={30}
    createdAt={345600000}
    description="Alemond Milk"
    id="2"
    key="2"
    note=""
  />
</div>
`;

exports[`should render ExpenseList without expenses 1`] = `
<div>
  <h1>
    Expense List
  </h1>
  <p>
     No expenses yet!
  </p>
</div>
`;
